Microchip MPLAB XC8 Compiler V2.10 ()

Linker command line:

-W-3 --edf=C:\Program Files (x86)\Microchip\xc8\v2.10\pic\dat\en_msgs.txt \
  -cs -h+dist/default/production\minute-counter.X.production.sym \
  --cmf=dist/default/production\minute-counter.X.production.cmf -z \
  -Q16F877A -oC:\Users\HP\AppData\Local\Temp\s7bc.3 \
  --defsym=__MPLAB_BUILD=1 \
  -Mdist/default/production/minute-counter.X.production.map -E1 -ver=XC8 \
  --acfsm=1493 -ASTACK=0110h-016Fh -pstack=STACK -ACODE=00h-07FFhx4 \
  -ASTRCODE=00h-01FFFh -ASTRING=00h-0FFhx32 -ACONST=00h-0FFhx32 \
  -AENTRY=00h-0FFhx32 -ACOMMON=070h-07Fh -ABANK0=020h-06Fh \
  -ABANK1=0A0h-0EFh -ABANK2=0110h-016Fh -ABANK3=0190h-01EFh \
  -ARAM=020h-06Fh,0A0h-0EFh,0110h-016Fh,0190h-01EFh \
  -AABS1=020h-07Fh,0A0h-0EFh,0110h-016Fh,0190h-01EFh -ASFR0=00h-01Fh \
  -ASFR1=080h-09Fh -ASFR2=0100h-010Fh -ASFR3=0180h-018Fh \
  -preset_vec=00h,intentry,init,end_init -ppowerup=CODE -pcinit=CODE \
  -pfunctab=ENTRY -ACONFIG=02007h-02007h -pconfig=CONFIG -DCONFIG=2 \
  -AIDLOC=02000h-02003h -pidloc=IDLOC -DIDLOC=2 -AEEDATA=00h-0FFh/02100h \
  -peeprom_data=EEDATA -DEEDATA=2 -DCODE=2 -DSTRCODE=2 -DSTRING=2 -DCONST=2 \
  -DENTRY=2 -k C:\Users\HP\AppData\Local\Temp\s7bc.o \
  dist/default/production\minute-counter.X.production.o 

Object code version is 3.11

Machine type is 16F877A



                Name                               Link     Load   Length Selector   Space Scale
C:\Users\HP\AppData\Local\Temp\s7bc.o
                end_init                              0        0        3        0       0
                config                             2007     2007        1     400E       0
dist/default/production\minute-counter.X.production.o
                cinit                               7E8      7E8       18      FD0       0
                text8                               551      551        C      AA2       0
                text7                               65D      65D       5D      CBA       0
                text6                               55D      55D       1A      ABA       0
                text5                               6BA      6BA       5D      D74       0
                text4                               577      577       1A      AEE       0
                text3                               5AB      5AB       59      B56       0
                text2                               591      591       1A      B22       0
                text1                               604      604       59      C08       0
                maintext                            717      717       D1      E2E       0
                cstackBANK0                          2E       2E        8       20       1
                cstackCOMMON                         70       70        A       70       1
                bssBANK0                             20       20        E       20       1
                bssCOMMON                            7A       7A        4       70       1
                strings                               3        3       11        6       0

TOTAL           Name                               Link     Load   Length     Space
        CLASS   STACK          

        CLASS   CODE           
                end_init                              0        0        3         0
                cinit                               7E8      7E8       18         0
                text8                               551      551        C         0
                text7                               65D      65D       5D         0
                text6                               55D      55D       1A         0
                text5                               6BA      6BA       5D         0
                text4                               577      577       1A         0
                text3                               5AB      5AB       59         0
                text2                               591      591       1A         0
                text1                               604      604       59         0
                maintext                            717      717       D1         0

        CLASS   STRCODE        

        CLASS   STRING         
                strings                               3        3       11         0

        CLASS   CONST          

        CLASS   ENTRY          

        CLASS   COMMON         
                cstackCOMMON                         70       70        A         1
                bssCOMMON                            7A       7A        4         1

        CLASS   BANK0          
                cstackBANK0                          2E       2E        8         1
                bssBANK0                             20       20        E         1

        CLASS   BANK1          

        CLASS   BANK2          

        CLASS   BANK3          

        CLASS   RAM            

        CLASS   ABS1           
                abs_s1                               7E       7E        2         1

        CLASS   SFR0           

        CLASS   SFR1           

        CLASS   SFR2           

        CLASS   SFR3           

        CLASS   CONFIG         
                config                             2007     2007        1         0

        CLASS   IDLOC          

        CLASS   EEDATA         



SEGMENTS        Name                           Load    Length   Top    Selector   Space  Class     Delta

                reset_vec                      000000  000003  000003         0       0  CODE        2
                strings                        000003  000011  000014         6       0  STRING      2
                bssBANK0                       000020  000016  000036        20       1  BANK0       1
                cstackCOMMON                   000070  00000E  00007E        70       1  COMMON      1
                text8                          000551  00000C  00055D       AA2       0  CODE        2
                text6                          00055D  00001A  000577       ABA       0  CODE        2
                text4                          000577  00001A  000591       AEE       0  CODE        2
                text2                          000591  00001A  0005AB       B22       0  CODE        2
                text3                          0005AB  000059  000604       B56       0  CODE        2
                text1                          000604  000059  00065D       C08       0  CODE        2
                text7                          00065D  00005D  0006BA       CBA       0  CODE        2
                text5                          0006BA  00005D  000717       D74       0  CODE        2
                maintext                       000717  0000D1  0007E8       E2E       0  CODE        2
                cinit                          0007E8  000018  000800       FD0       0  CODE        2
                config                         002007  000001  002008      400E       0  CONFIG      2


UNUSED ADDRESS RANGES

        Name                Unused          Largest block    Delta
        BANK0            0036-006F             3A           1
        BANK1            00A0-00EF             50           1
        BANK2            0110-016F             60           1
        BANK3            0190-01EF             60           1
        CODE             0014-0550            53D           2
                         0800-1FFF            800
        CONST            0014-0550            100           2
                         0800-1FFF            100
        EEDATA           2100-21FF            100           2
        ENTRY            0014-0550            100           2
                         0800-1FFF            100
        IDLOC            2000-2003              4           2
        RAM              0036-006F             3A           1
                         00A0-00EF             50
                         0110-016F             60
                         0190-01EF             60
        SFR0             0000-001F             20           1
        SFR1             0080-009F             20           1
        SFR2             0100-010F             10           1
        SFR3             0180-018F             10           1
        STACK            0110-016F             60           1
        STRCODE          0014-0550            53D           2
                         0800-1FFF           1800
        STRING           0014-0550            100           2
                         0800-1FFF            100

                                  Symbol Table

_PORTA                            (abs)        0005
_PORTB                            (abs)        0006
_PORTC                            (abs)        0007
_PORTD                            (abs)        0008
_PORTE                            (abs)        0009
_RB0                              (abs)        0030
_RB1                              (abs)        0031
_RB2                              (abs)        0032
_RB3                              (abs)        0033
_RB4                              (abs)        0034
_RB5                              (abs)        0035
_SEGMENT_MAP                      strings      0009
_TRISB                            (abs)        0086
_TRISC                            (abs)        0087
_TRISD                            (abs)        0088
__CFG_BOREN$OFF                   (abs)        0000
__CFG_CP$OFF                      (abs)        0000
__CFG_CPD$OFF                     (abs)        0000
__CFG_FOSC$HS                     (abs)        0000
__CFG_LVP$OFF                     (abs)        0000
__CFG_PWRTE$OFF                   (abs)        0000
__CFG_WDTE$OFF                    (abs)        0000
__CFG_WRT$OFF                     (abs)        0000
__Habs1                           abs1         0000
__Hbank0                          bank0        0000
__Hbank1                          bank1        0000
__Hbank2                          bank2        0000
__Hbank3                          bank3        0000
__HbssBANK0                       bssBANK0     0000
__HbssCOMMON                      bssCOMMON    0000
__Hcinit                          cinit        0800
__Hclrtext                        clrtext      0000
__Hcode                           code         0000
__Hcommon                         common       0000
__Hconfig                         config       2008
__HcstackBANK0                    cstackBANK0  0000
__HcstackCOMMON                   cstackCOMMON 0000
__Heeprom_data                    eeprom_data  0000
__Hend_init                       end_init     0003
__Hfunctab                        functab      0000
__Hidloc                          idloc        0000
__Hinit                           init         0000
__Hintentry                       intentry     0000
__Hmaintext                       maintext     0000
__Hpowerup                        powerup      0000
__Hram                            ram          0000
__Hreset_vec                      reset_vec    0000
__Hsfr0                           sfr0         0000
__Hsfr1                           sfr1         0000
__Hsfr2                           sfr2         0000
__Hsfr3                           sfr3         0000
__Hspace_0                        (abs)        2008
__Hspace_1                        (abs)        007E
__Hspace_2                        (abs)        0000
__Hspace_3                        (abs)        0000
__Hstack                          stack        0000
__Hstrings                        strings      0000
__Htext                           text         0000
__Labs1                           abs1         0000
__Lbank0                          bank0        0000
__Lbank1                          bank1        0000
__Lbank2                          bank2        0000
__Lbank3                          bank3        0000
__LbssBANK0                       bssBANK0     0000
__LbssCOMMON                      bssCOMMON    0000
__Lcinit                          cinit        07E8
__Lclrtext                        clrtext      0000
__Lcode                           code         0000
__Lcommon                         common       0000
__Lconfig                         config       2007
__LcstackBANK0                    cstackBANK0  0000
__LcstackCOMMON                   cstackCOMMON 0000
__Leeprom_data                    eeprom_data  0000
__Lend_init                       end_init     0000
__Lfunctab                        functab      0000
__Lidloc                          idloc        0000
__Linit                           init         0000
__Lintentry                       intentry     0000
__Lmaintext                       maintext     0000
__Lpowerup                        powerup      0000
__Lram                            ram          0000
__Lreset_vec                      reset_vec    0000
__Lsfr0                           sfr0         0000
__Lsfr1                           sfr1         0000
__Lsfr2                           sfr2         0000
__Lsfr3                           sfr3         0000
__Lspace_0                        (abs)        0000
__Lspace_1                        (abs)        0000
__Lspace_2                        (abs)        0000
__Lspace_3                        (abs)        0000
__Lstack                          stack        0000
__Lstrings                        strings      0000
__Ltext                           text         0000
__S0                              (abs)        2008
__S1                              (abs)        007E
__S2                              (abs)        0000
__S3                              (abs)        0000
___int_sp                         stack        0000
___latbits                        (abs)        0002
___sp                             stack        0000
___stackhi                        (abs)        0000
___stacklo                        (abs)        0000
__end_of_SEGMENT_MAP              strings      0014
__end_of__initialization          cinit        07FC
__end_of__stringtab               strings      0009
__end_of_display_on_fifth_digit   text2        05AB
__end_of_display_on_first_digit   text8        055D
__end_of_display_on_fourth_digit  text4        0591
__end_of_display_on_second_digit  text6        0577
__end_of_main                     maintext     07E8
__end_of_set_time_minute1         text7        06BA
__end_of_set_time_minute2         text5        0717
__end_of_set_time_second1         text3        0604
__end_of_set_time_second2         text1        065D
__initialization                  cinit        07E8
__pbssBANK0                       bssBANK0     0020
__pbssCOMMON                      bssCOMMON    007A
__pcstackBANK0                    cstackBANK0  002E
__pcstackCOMMON                   cstackCOMMON 0070
__pmaintext                       maintext     0717
__pstrings                        strings      0003
__ptext1                          text1        0604
__ptext2                          text2        0591
__ptext3                          text3        05AB
__ptext4                          text4        0577
__ptext5                          text5        06BA
__ptext6                          text6        055D
__ptext7                          text7        065D
__ptext8                          text8        0551
__size_of_display_on_fifth_digit  (abs)        0000
__size_of_display_on_first_digit  (abs)        0000
__size_of_display_on_fourth_digit (abs)        0000
__size_of_display_on_second_digit (abs)        0000
__size_of_main                    (abs)        0000
__size_of_set_time_minute1        (abs)        0000
__size_of_set_time_minute2        (abs)        0000
__size_of_set_time_second1        (abs)        0000
__size_of_set_time_second2        (abs)        0000
__stringbase                      strings      0008
__stringtab                       strings      0003
_display_on_fifth_digit           text2        0591
_display_on_first_digit           text8        0551
_display_on_fourth_digit          text4        0577
_display_on_second_digit          text6        055D
_first_digit                      bssBANK0     002A
_fourth_digit                     bssBANK0     0024
_main                             maintext     0717
_second_digit                     bssBANK0     0028
_set_minute1                      bssBANK0     0022
_set_minute2                      bssBANK0     0020
_set_second1                      bssCOMMON    007C
_set_second2                      bssCOMMON    007A
_set_time_minute1                 text7        065D
_set_time_minute2                 text5        06BA
_set_time_second1                 text3        05AB
_set_time_second2                 text1        0604
_third_digit                      bssBANK0     0026
btemp                             (abs)        007E
display_on_fifth_digit@digit      cstackCOMMON 0070
display_on_first_digit@digit      cstackCOMMON 0070
display_on_fourth_digit@digit     cstackCOMMON 0070
display_on_second_digit@digit     cstackCOMMON 0070
end_of_initialization             cinit        07FC
intlevel0                         functab      0000
intlevel1                         functab      0000
intlevel2                         functab      0000
intlevel3                         functab      0000
intlevel4                         functab      0000
intlevel5                         functab      0000
main@minute2                      cstackBANK0  0030
main@second1                      cstackBANK0  0032
main@second2                      cstackBANK0  0034
reset_vec                         reset_vec    0000
start                             init         0000
start_initialization              cinit        07E8
wtemp0                            (abs)        007E


FUNCTION INFORMATION:

 *************** function _main *****************
 Defined at:
		line 230 in file "minute-counter.c"
 Parameters:    Size  Location     Type
		None
 Auto vars:     Size  Location     Type
  second2         2    6[BANK0 ] int 
  second1         2    4[BANK0 ] int 
  minute2         2    2[BANK0 ] int 
  minute1         2    0        int 
 Return value:  Size  Location     Type
                  1    wreg      void 
 Registers used:
		wreg, fsr0l, fsr0h, status,2, status,0, btemp+1, pclath, cstack
 Tracked objects:
		On entry : 
		On exit  : 
		Unchanged: 
 Data sizes:     COMMON   BANK0   BANK1   BANK3   BANK2
      Params:         0       0       0       0       0
      Locals:         0       8       0       0       0
      Temps:          3       0       0       0       0
      Totals:         3       8       0       0       0
Total ram usage:       11 bytes
 Hardware stack levels required when called:    3
 This function calls:
		_display_on_fifth_digit
		_display_on_first_digit
		_display_on_fourth_digit
		_display_on_second_digit
		_set_time_minute1
		_set_time_minute2
		_set_time_second1
		_set_time_second2
 This function is called by:
		Startup code after reset
 This function uses a non-reentrant model


 *************** function _set_time_second2 *****************
 Defined at:
		line 149 in file "minute-counter.c"
 Parameters:    Size  Location     Type
		None
 Auto vars:     Size  Location     Type
		None
 Return value:  Size  Location     Type
                  1    wreg      void 
 Registers used:
		wreg, fsr0l, fsr0h, status,2, status,0, btemp+1, pclath, cstack
 Tracked objects:
		On entry : 
		On exit  : 
		Unchanged: 
 Data sizes:     COMMON   BANK0   BANK1   BANK3   BANK2
      Params:         0       0       0       0       0
      Locals:         0       0       0       0       0
      Temps:          3       0       0       0       0
      Totals:         3       0       0       0       0
Total ram usage:        3 bytes
 Hardware stack levels used:    1
 Hardware stack levels required when called:    2
 This function calls:
		_display_on_fifth_digit
 This function is called by:
		_main
 This function uses a non-reentrant model


 *************** function _display_on_fifth_digit *****************
 Defined at:
		line 80 in file "minute-counter.c"
 Parameters:    Size  Location     Type
  digit           2    0[COMMON] int 
 Auto vars:     Size  Location     Type
		None
 Return value:  Size  Location     Type
                  1    wreg      void 
 Registers used:
		wreg, fsr0l, fsr0h, status,2, status,0, pclath
 Tracked objects:
		On entry : 
		On exit  : 
		Unchanged: 
 Data sizes:     COMMON   BANK0   BANK1   BANK3   BANK2
      Params:         2       0       0       0       0
      Locals:         0       0       0       0       0
      Temps:          2       0       0       0       0
      Totals:         4       0       0       0       0
Total ram usage:        4 bytes
 Hardware stack levels used:    2
 This function calls:
		Nothing
 This function is called by:
		_set_time_second2
		_main
		_count_to_minutes
		_countdown_to_second
 This function uses a non-reentrant model


 *************** function _set_time_second1 *****************
 Defined at:
		line 169 in file "minute-counter.c"
 Parameters:    Size  Location     Type
		None
 Auto vars:     Size  Location     Type
		None
 Return value:  Size  Location     Type
                  1    wreg      void 
 Registers used:
		wreg, fsr0l, fsr0h, status,2, status,0, btemp+1, pclath, cstack
 Tracked objects:
		On entry : 
		On exit  : 
		Unchanged: 
 Data sizes:     COMMON   BANK0   BANK1   BANK3   BANK2
      Params:         0       0       0       0       0
      Locals:         0       0       0       0       0
      Temps:          3       0       0       0       0
      Totals:         3       0       0       0       0
Total ram usage:        3 bytes
 Hardware stack levels used:    1
 Hardware stack levels required when called:    2
 This function calls:
		_display_on_fourth_digit
 This function is called by:
		_main
 This function uses a non-reentrant model


 *************** function _display_on_fourth_digit *****************
 Defined at:
		line 72 in file "minute-counter.c"
 Parameters:    Size  Location     Type
  digit           2    0[COMMON] int 
 Auto vars:     Size  Location     Type
		None
 Return value:  Size  Location     Type
                  1    wreg      void 
 Registers used:
		wreg, fsr0l, fsr0h, status,2, status,0, pclath
 Tracked objects:
		On entry : 
		On exit  : 
		Unchanged: 
 Data sizes:     COMMON   BANK0   BANK1   BANK3   BANK2
      Params:         2       0       0       0       0
      Locals:         0       0       0       0       0
      Temps:          2       0       0       0       0
      Totals:         4       0       0       0       0
Total ram usage:        4 bytes
 Hardware stack levels used:    2
 This function calls:
		Nothing
 This function is called by:
		_set_time_second1
		_main
		_count_to_minutes
		_countdown_to_second
 This function uses a non-reentrant model


 *************** function _set_time_minute2 *****************
 Defined at:
		line 189 in file "minute-counter.c"
 Parameters:    Size  Location     Type
		None
 Auto vars:     Size  Location     Type
		None
 Return value:  Size  Location     Type
                  1    wreg      void 
 Registers used:
		wreg, fsr0l, fsr0h, status,2, status,0, btemp+1, pclath, cstack
 Tracked objects:
		On entry : 
		On exit  : 
		Unchanged: 
 Data sizes:     COMMON   BANK0   BANK1   BANK3   BANK2
      Params:         0       0       0       0       0
      Locals:         0       0       0       0       0
      Temps:          3       0       0       0       0
      Totals:         3       0       0       0       0
Total ram usage:        3 bytes
 Hardware stack levels used:    1
 Hardware stack levels required when called:    2
 This function calls:
		_display_on_second_digit
 This function is called by:
		_main
 This function uses a non-reentrant model


 *************** function _display_on_second_digit *****************
 Defined at:
		line 56 in file "minute-counter.c"
 Parameters:    Size  Location     Type
  digit           2    0[COMMON] int 
 Auto vars:     Size  Location     Type
		None
 Return value:  Size  Location     Type
                  1    wreg      void 
 Registers used:
		wreg, fsr0l, fsr0h, status,2, status,0, pclath
 Tracked objects:
		On entry : 
		On exit  : 
		Unchanged: 
 Data sizes:     COMMON   BANK0   BANK1   BANK3   BANK2
      Params:         2       0       0       0       0
      Locals:         0       0       0       0       0
      Temps:          2       0       0       0       0
      Totals:         4       0       0       0       0
Total ram usage:        4 bytes
 Hardware stack levels used:    2
 This function calls:
		Nothing
 This function is called by:
		_set_time_minute2
		_main
		_count_to_minutes
		_countdown_to_second
 This function uses a non-reentrant model


 *************** function _set_time_minute1 *****************
 Defined at:
		line 209 in file "minute-counter.c"
 Parameters:    Size  Location     Type
		None
 Auto vars:     Size  Location     Type
		None
 Return value:  Size  Location     Type
                  1    wreg      void 
 Registers used:
		wreg, fsr0l, fsr0h, status,2, status,0, btemp+1, pclath, cstack
 Tracked objects:
		On entry : 
		On exit  : 
		Unchanged: 
 Data sizes:     COMMON   BANK0   BANK1   BANK3   BANK2
      Params:         0       0       0       0       0
      Locals:         0       0       0       0       0
      Temps:          3       0       0       0       0
      Totals:         3       0       0       0       0
Total ram usage:        3 bytes
 Hardware stack levels used:    1
 Hardware stack levels required when called:    2
 This function calls:
		_display_on_first_digit
 This function is called by:
		_main
 This function uses a non-reentrant model


 *************** function _display_on_first_digit *****************
 Defined at:
		line 52 in file "minute-counter.c"
 Parameters:    Size  Location     Type
  digit           2    0[COMMON] int 
 Auto vars:     Size  Location     Type
		None
 Return value:  Size  Location     Type
                  1    wreg      void 
 Registers used:
		wreg, fsr0l, fsr0h, status,2, status,0, pclath
 Tracked objects:
		On entry : 
		On exit  : 
		Unchanged: 
 Data sizes:     COMMON   BANK0   BANK1   BANK3   BANK2
      Params:         2       0       0       0       0
      Locals:         0       0       0       0       0
      Temps:          0       0       0       0       0
      Totals:         2       0       0       0       0
Total ram usage:        2 bytes
 Hardware stack levels used:    2
 This function calls:
		Nothing
 This function is called by:
		_set_time_minute1
		_main
		_count_to_minutes
		_countdown_to_second
 This function uses a non-reentrant model



MODULE INFORMATION

Module		Function		Class		Link	Load	Size
minute-counter.c
		_main          		CODE           	0717	0000	210
		_display_on_second_digit		CODE           	055D	0000	27
		_set_time_second1		CODE           	05AB	0000	90
		_set_time_second2		CODE           	0604	0000	90
		_display_on_fourth_digit		CODE           	0577	0000	27
		_set_time_minute1		CODE           	065D	0000	94
		_set_time_minute2		CODE           	06BA	0000	94
		_display_on_fifth_digit		CODE           	0591	0000	27
		_display_on_first_digit		CODE           	0551	0000	13

minute-counter.c estimated size: 672

shared
		__stringtab    		STRING         	0003	0000	7
		__initialization		CODE           	07E8	0000	21
		_SEGMENT_MAP   		STRING         	0009	0000	12

shared estimated size: 40

