Microchip MPLAB XC8 Compiler V2.10 ()

Linker command line:

-W-3 --edf=C:\Program Files (x86)\Microchip\xc8\v2.10\pic\dat\en_msgs.txt \
  -cs -h+dist/default/production\minute-counter.X.production.sym \
  --cmf=dist/default/production\minute-counter.X.production.cmf -z \
  -Q16F877A -oC:\Users\HP\AppData\Local\Temp\s4pc.2 \
  --defsym=__MPLAB_BUILD=1 \
  -Mdist/default/production/minute-counter.X.production.map -E1 -ver=XC8 \
  --acfsm=1493 -ASTACK=0110h-016Fh -pstack=STACK -ACODE=00h-07FFhx4 \
  -ASTRCODE=00h-01FFFh -ASTRING=00h-0FFhx32 -ACONST=00h-0FFhx32 \
  -AENTRY=00h-0FFhx32 -ACOMMON=070h-07Fh -ABANK0=020h-06Fh \
  -ABANK1=0A0h-0EFh -ABANK2=0110h-016Fh -ABANK3=0190h-01EFh \
  -ARAM=020h-06Fh,0A0h-0EFh,0110h-016Fh,0190h-01EFh \
  -AABS1=020h-07Fh,0A0h-0EFh,0110h-016Fh,0190h-01EFh -ASFR0=00h-01Fh \
  -ASFR1=080h-09Fh -ASFR2=0100h-010Fh -ASFR3=0180h-018Fh \
  -preset_vec=00h,intentry,init,end_init -ppowerup=CODE -pcinit=CODE \
  -pfunctab=ENTRY -ACONFIG=02007h-02007h -pconfig=CONFIG -DCONFIG=2 \
  -AIDLOC=02000h-02003h -pidloc=IDLOC -DIDLOC=2 -AEEDATA=00h-0FFh/02100h \
  -peeprom_data=EEDATA -DEEDATA=2 -DCODE=2 -DSTRCODE=2 -DSTRING=2 -DCONST=2 \
  -DENTRY=2 -k C:\Users\HP\AppData\Local\Temp\s4pc.o \
  dist/default/production\minute-counter.X.production.o 

Object code version is 3.11

Machine type is 16F877A



                Name                               Link     Load   Length Selector   Space Scale
C:\Users\HP\AppData\Local\Temp\s4pc.o
                end_init                              0        0        3        0       0
                config                             2007     2007        1     400E       0
dist/default/production\minute-counter.X.production.o
                cinit                               7F0      7F0       10      FE0       0
                text8                               4E4      4E4       2F      9C8       0
                text7                               513      513       30      A26       0
                text6                               4D8      4D8        C      9B0       0
                text5                               543      543       30      A86       0
                text4                               573      573       30      AE6       0
                text3                               5A3      5A3       44      B46       0
                text2                               656      656       B3      CAC       0
                text1                               709      709       E7      E12       0
                maintext                            5E7      5E7       6F      BCE       0
                cstackBANK0                          20       20       12       20       1
                cstackCOMMON                         70       70        D       70       1
                bssBANK0                             32       32        A       20       1
                strings                               3        3       11        6       0

TOTAL           Name                               Link     Load   Length     Space
        CLASS   STACK          

        CLASS   CODE           
                end_init                              0        0        3         0
                cinit                               7F0      7F0       10         0
                text8                               4E4      4E4       2F         0
                text7                               513      513       30         0
                text6                               4D8      4D8        C         0
                text5                               543      543       30         0
                text4                               573      573       30         0
                text3                               5A3      5A3       44         0
                text2                               656      656       B3         0
                text1                               709      709       E7         0
                maintext                            5E7      5E7       6F         0

        CLASS   STRCODE        

        CLASS   STRING         
                strings                               3        3       11         0

        CLASS   CONST          

        CLASS   ENTRY          

        CLASS   COMMON         
                cstackCOMMON                         70       70        D         1

        CLASS   BANK0          
                cstackBANK0                          20       20       12         1
                bssBANK0                             32       32        A         1

        CLASS   BANK1          

        CLASS   BANK2          

        CLASS   BANK3          

        CLASS   RAM            

        CLASS   ABS1           
                abs_s1                               7E       7E        2         1

        CLASS   SFR0           

        CLASS   SFR1           

        CLASS   SFR2           

        CLASS   SFR3           

        CLASS   CONFIG         
                config                             2007     2007        1         0

        CLASS   IDLOC          

        CLASS   EEDATA         



SEGMENTS        Name                           Load    Length   Top    Selector   Space  Class     Delta

                reset_vec                      000000  000003  000003         0       0  CODE        2
                strings                        000003  000011  000014         6       0  STRING      2
                cstackBANK0                    000020  00001C  00003C        20       1  BANK0       1
                cstackCOMMON                   000070  00000D  00007D        70       1  COMMON      1
                text6                          0004D8  00000C  0004E4       9B0       0  CODE        2
                text8                          0004E4  00002F  000513       9C8       0  CODE        2
                text7                          000513  000030  000543       A26       0  CODE        2
                text5                          000543  000030  000573       A86       0  CODE        2
                text4                          000573  000030  0005A3       AE6       0  CODE        2
                text3                          0005A3  000044  0005E7       B46       0  CODE        2
                maintext                       0005E7  00006F  000656       BCE       0  CODE        2
                text2                          000656  0000B3  000709       CAC       0  CODE        2
                text1                          000709  0000E7  0007F0       E12       0  CODE        2
                cinit                          0007F0  000010  000800       FE0       0  CODE        2
                config                         002007  000001  002008      400E       0  CONFIG      2


UNUSED ADDRESS RANGES

        Name                Unused          Largest block    Delta
        BANK0            003C-006F             34           1
        BANK1            00A0-00EF             50           1
        BANK2            0110-016F             60           1
        BANK3            0190-01EF             60           1
        CODE             0014-04D7            4C4           2
                         0800-1FFF            800
        COMMON           007D-007D              1           1
        CONST            0014-04D7            100           2
                         0800-1FFF            100
        EEDATA           2100-21FF            100           2
        ENTRY            0014-04D7            100           2
                         0800-1FFF            100
        IDLOC            2000-2003              4           2
        RAM              003C-006F             34           1
                         00A0-00EF             50
                         0110-016F             60
                         0190-01EF             60
        SFR0             0000-001F             20           1
        SFR1             0080-009F             20           1
        SFR2             0100-010F             10           1
        SFR3             0180-018F             10           1
        STACK            0110-016F             60           1
        STRCODE          0014-04D7            4C4           2
                         0800-1FFF           1800
        STRING           0014-04D7            100           2
                         0800-1FFF            100

                                  Symbol Table

_PORTA                                 (abs)        0005
_PORTB                                 (abs)        0006
_PORTC                                 (abs)        0007
_PORTD                                 (abs)        0008
_PORTE                                 (abs)        0009
_RB0                                   (abs)        0030
_RB1                                   (abs)        0031
_RB2                                   (abs)        0032
_RB3                                   (abs)        0033
_RB4                                   (abs)        0034
_RB5                                   (abs)        0035
_RB6                                   (abs)        0036
_SEGMENT_MAP                           strings      0009
_TRISB                                 (abs)        0086
_TRISC                                 (abs)        0087
_TRISD                                 (abs)        0088
__CFG_BOREN$OFF                        (abs)        0000
__CFG_CP$OFF                           (abs)        0000
__CFG_CPD$OFF                          (abs)        0000
__CFG_FOSC$HS                          (abs)        0000
__CFG_LVP$OFF                          (abs)        0000
__CFG_PWRTE$OFF                        (abs)        0000
__CFG_WDTE$OFF                         (abs)        0000
__CFG_WRT$OFF                          (abs)        0000
__Habs1                                abs1         0000
__Hbank0                               bank0        0000
__Hbank1                               bank1        0000
__Hbank2                               bank2        0000
__Hbank3                               bank3        0000
__HbssBANK0                            bssBANK0     0000
__Hcinit                               cinit        0800
__Hclrtext                             clrtext      0000
__Hcode                                code         0000
__Hcommon                              common       0000
__Hconfig                              config       2008
__HcstackBANK0                         cstackBANK0  0000
__HcstackCOMMON                        cstackCOMMON 0000
__Heeprom_data                         eeprom_data  0000
__Hend_init                            end_init     0003
__Hfunctab                             functab      0000
__Hidloc                               idloc        0000
__Hinit                                init         0000
__Hintentry                            intentry     0000
__Hmaintext                            maintext     0000
__Hpowerup                             powerup      0000
__Hram                                 ram          0000
__Hreset_vec                           reset_vec    0000
__Hsfr0                                sfr0         0000
__Hsfr1                                sfr1         0000
__Hsfr2                                sfr2         0000
__Hsfr3                                sfr3         0000
__Hspace_0                             (abs)        2008
__Hspace_1                             (abs)        007D
__Hspace_2                             (abs)        0000
__Hspace_3                             (abs)        0000
__Hstack                               stack        0000
__Hstrings                             strings      0000
__Htext                                text         0000
__Labs1                                abs1         0000
__Lbank0                               bank0        0000
__Lbank1                               bank1        0000
__Lbank2                               bank2        0000
__Lbank3                               bank3        0000
__LbssBANK0                            bssBANK0     0000
__Lcinit                               cinit        07F0
__Lclrtext                             clrtext      0000
__Lcode                                code         0000
__Lcommon                              common       0000
__Lconfig                              config       2007
__LcstackBANK0                         cstackBANK0  0000
__LcstackCOMMON                        cstackCOMMON 0000
__Leeprom_data                         eeprom_data  0000
__Lend_init                            end_init     0000
__Lfunctab                             functab      0000
__Lidloc                               idloc        0000
__Linit                                init         0000
__Lintentry                            intentry     0000
__Lmaintext                            maintext     0000
__Lpowerup                             powerup      0000
__Lram                                 ram          0000
__Lreset_vec                           reset_vec    0000
__Lsfr0                                sfr0         0000
__Lsfr1                                sfr1         0000
__Lsfr2                                sfr2         0000
__Lsfr3                                sfr3         0000
__Lspace_0                             (abs)        0000
__Lspace_1                             (abs)        0000
__Lspace_2                             (abs)        0000
__Lspace_3                             (abs)        0000
__Lstack                               stack        0000
__Lstrings                             strings      0000
__Ltext                                text         0000
__S0                                   (abs)        2008
__S1                                   (abs)        007D
__S2                                   (abs)        0000
__S3                                   (abs)        0000
___int_sp                              stack        0000
___latbits                             (abs)        0002
___sp                                  stack        0000
___stackhi                             (abs)        0000
___stacklo                             (abs)        0000
__end_of_SEGMENT_MAP                   strings      0014
__end_of__initialization               cinit        07FC
__end_of__stringtab                    strings      0009
__end_of_countdown_to_second           text2        0709
__end_of_custom_display_on             text3        05E7
__end_of_display_colon_on_third_digit  text8        0513
__end_of_display_on_fifth_digit        text7        0543
__end_of_display_on_first_digit        text6        04E4
__end_of_display_on_fourth_digit       text5        0573
__end_of_display_on_second_digit       text4        05A3
__end_of_main                          maintext     0656
__end_of_set_time_minute               text1        07F0
__initialization                       cinit        07F0
__pbssBANK0                            bssBANK0     0032
__pcstackBANK0                         cstackBANK0  0020
__pcstackCOMMON                        cstackCOMMON 0070
__pmaintext                            maintext     05E7
__pstrings                             strings      0003
__ptext1                               text1        0709
__ptext2                               text2        0656
__ptext3                               text3        05A3
__ptext4                               text4        0573
__ptext5                               text5        0543
__ptext6                               text6        04D8
__ptext7                               text7        0513
__ptext8                               text8        04E4
__size_of_countdown_to_second          (abs)        0000
__size_of_custom_display_on            (abs)        0000
__size_of_display_colon_on_third_digit (abs)        0000
__size_of_display_on_fifth_digit       (abs)        0000
__size_of_display_on_first_digit       (abs)        0000
__size_of_display_on_fourth_digit      (abs)        0000
__size_of_display_on_second_digit      (abs)        0000
__size_of_main                         (abs)        0000
__size_of_set_time_minute              (abs)        0000
__stringbase                           strings      0008
__stringtab                            strings      0003
_countdown_to_second                   text2        0656
_custom_display_on                     text3        05A3
_display_colon_on_third_digit          text8        04E4
_display_on_fifth_digit                text7        0513
_display_on_first_digit                text6        04D8
_display_on_fourth_digit               text5        0543
_display_on_second_digit               text4        0573
_main                                  maintext     05E7
_set_minute1                           bssBANK0     0034
_set_minute2                           bssBANK0     0032
_set_second1                           bssBANK0     0038
_set_second2                           bssBANK0     0036
_set_time_minute                       text1        0709
btemp                                  (abs)        007E
countdown_to_second@first_digit        cstackBANK0  002A
countdown_to_second@fourth_digit       cstackBANK0  0030
countdown_to_second@i                  cstackCOMMON 007B
countdown_to_second@second_digit       cstackBANK0  002C
countdown_to_second@third_digit        cstackBANK0  002E
custom_display_on@d1                   cstackBANK0  0020
custom_display_on@d2                   cstackBANK0  0022
custom_display_on@d3                   cstackBANK0  0024
custom_display_on@d4                   cstackBANK0  0026
custom_display_on@i                    cstackBANK0  0028
display_colon_on_third_digit@i         cstackCOMMON 0070
display_colon_on_third_digit@n         cstackCOMMON 0074
display_on_fifth_digit@digit           cstackCOMMON 0070
display_on_fifth_digit@i               cstackCOMMON 0072
display_on_fifth_digit@n               cstackCOMMON 0076
display_on_first_digit@digit           cstackCOMMON 0070
display_on_fourth_digit@digit          cstackCOMMON 0070
display_on_fourth_digit@i              cstackCOMMON 0072
display_on_fourth_digit@n              cstackCOMMON 0076
display_on_second_digit@digit          cstackCOMMON 0070
display_on_second_digit@i              cstackCOMMON 0072
display_on_second_digit@n              cstackCOMMON 0076
end_of_initialization                  cinit        07FC
intlevel0                              functab      0000
intlevel1                              functab      0000
intlevel2                              functab      0000
intlevel3                              functab      0000
intlevel4                              functab      0000
intlevel5                              functab      0000
reset_vec                              reset_vec    0000
start                                  init         0000
start_initialization                   cinit        07F0
wtemp0                                 (abs)        007E


FUNCTION INFORMATION:

 *************** function _main *****************
 Defined at:
		line 243 in file "minute-counter.c"
 Parameters:    Size  Location     Type
		None
 Auto vars:     Size  Location     Type
		None
 Return value:  Size  Location     Type
                  1    wreg      void 
 Registers used:
		wreg, fsr0l, fsr0h, status,2, status,0, btemp+1, pclath, cstack
 Tracked objects:
		On entry : 
		On exit  : 
		Unchanged: 
 Data sizes:     COMMON   BANK0   BANK1   BANK3   BANK2
      Params:         0       0       0       0       0
      Locals:         0       0       0       0       0
      Temps:          0       0       0       0       0
      Totals:         0       0       0       0       0
Total ram usage:        0 bytes
 Hardware stack levels required when called:    4
 This function calls:
		_countdown_to_second
		_custom_display_on
		_set_time_minute
 This function is called by:
		Startup code after reset
 This function uses a non-reentrant model


 *************** function _set_time_minute *****************
 Defined at:
		line 204 in file "minute-counter.c"
 Parameters:    Size  Location     Type
		None
 Auto vars:     Size  Location     Type
		None
 Return value:  Size  Location     Type
                  1    wreg      void 
 Registers used:
		wreg, fsr0l, fsr0h, status,2, status,0, btemp+1, pclath, cstack
 Tracked objects:
		On entry : 
		On exit  : 
		Unchanged: 
 Data sizes:     COMMON   BANK0   BANK1   BANK3   BANK2
      Params:         0       0       0       0       0
      Locals:         0       0       0       0       0
      Temps:          2       0       0       0       0
      Totals:         2       0       0       0       0
Total ram usage:        2 bytes
 Hardware stack levels used:    1
 Hardware stack levels required when called:    3
 This function calls:
		_custom_display_on
 This function is called by:
		_main
 This function uses a non-reentrant model


 *************** function _countdown_to_second *****************
 Defined at:
		line 127 in file "minute-counter.c"
 Parameters:    Size  Location     Type
  first_digit     2   10[BANK0 ] int 
  second_digit    2   12[BANK0 ] int 
  third_digit     2   14[BANK0 ] int 
  fourth_digit    2   16[BANK0 ] int 
 Auto vars:     Size  Location     Type
  i               2   11[COMMON] int 
 Return value:  Size  Location     Type
                  1    wreg      void 
 Registers used:
		wreg, fsr0l, fsr0h, status,2, status,0, btemp+1, pclath, cstack
 Tracked objects:
		On entry : 
		On exit  : 
		Unchanged: 
 Data sizes:     COMMON   BANK0   BANK1   BANK3   BANK2
      Params:         0       8       0       0       0
      Locals:         2       0       0       0       0
      Temps:          3       0       0       0       0
      Totals:         5       8       0       0       0
Total ram usage:       13 bytes
 Hardware stack levels used:    1
 Hardware stack levels required when called:    3
 This function calls:
		_custom_display_on
 This function is called by:
		_main
 This function uses a non-reentrant model


 *************** function _custom_display_on *****************
 Defined at:
		line 92 in file "minute-counter.c"
 Parameters:    Size  Location     Type
  d1              2    0[BANK0 ] int 
  d2              2    2[BANK0 ] int 
  d3              2    4[BANK0 ] int 
  d4              2    6[BANK0 ] int 
  i               2    8[BANK0 ] int 
 Auto vars:     Size  Location     Type
		None
 Return value:  Size  Location     Type
                  1    wreg      void 
 Registers used:
		wreg, fsr0l, fsr0h, status,2, status,0, pclath, cstack
 Tracked objects:
		On entry : 
		On exit  : 
		Unchanged: 
 Data sizes:     COMMON   BANK0   BANK1   BANK3   BANK2
      Params:         0      10       0       0       0
      Locals:         0       0       0       0       0
      Temps:          0       0       0       0       0
      Totals:         0      10       0       0       0
Total ram usage:       10 bytes
 Hardware stack levels used:    1
 Hardware stack levels required when called:    2
 This function calls:
		_display_colon_on_third_digit
		_display_on_fifth_digit
		_display_on_first_digit
		_display_on_fourth_digit
		_display_on_second_digit
 This function is called by:
		_countdown_to_second
		_set_time_minute
		_main
		_count_to_minutes
 This function uses a non-reentrant model


 *************** function _display_on_second_digit *****************
 Defined at:
		line 52 in file "minute-counter.c"
 Parameters:    Size  Location     Type
  digit           2    0[COMMON] int 
  i               2    2[COMMON] int 
 Auto vars:     Size  Location     Type
  n               2    6[COMMON] int 
 Return value:  Size  Location     Type
                  1    wreg      void 
 Registers used:
		wreg, fsr0l, fsr0h, status,2, status,0, pclath
 Tracked objects:
		On entry : 
		On exit  : 
		Unchanged: 
 Data sizes:     COMMON   BANK0   BANK1   BANK3   BANK2
      Params:         4       0       0       0       0
      Locals:         2       0       0       0       0
      Temps:          2       0       0       0       0
      Totals:         8       0       0       0       0
Total ram usage:        8 bytes
 Hardware stack levels used:    2
 This function calls:
		Nothing
 This function is called by:
		_custom_display_on
 This function uses a non-reentrant model


 *************** function _display_on_fourth_digit *****************
 Defined at:
		line 72 in file "minute-counter.c"
 Parameters:    Size  Location     Type
  digit           2    0[COMMON] int 
  i               2    2[COMMON] int 
 Auto vars:     Size  Location     Type
  n               2    6[COMMON] int 
 Return value:  Size  Location     Type
                  1    wreg      void 
 Registers used:
		wreg, fsr0l, fsr0h, status,2, status,0, pclath
 Tracked objects:
		On entry : 
		On exit  : 
		Unchanged: 
 Data sizes:     COMMON   BANK0   BANK1   BANK3   BANK2
      Params:         4       0       0       0       0
      Locals:         2       0       0       0       0
      Temps:          2       0       0       0       0
      Totals:         8       0       0       0       0
Total ram usage:        8 bytes
 Hardware stack levels used:    2
 This function calls:
		Nothing
 This function is called by:
		_custom_display_on
 This function uses a non-reentrant model


 *************** function _display_on_first_digit *****************
 Defined at:
		line 48 in file "minute-counter.c"
 Parameters:    Size  Location     Type
  digit           2    0[COMMON] int 
 Auto vars:     Size  Location     Type
		None
 Return value:  Size  Location     Type
                  1    wreg      void 
 Registers used:
		wreg, fsr0l, fsr0h, status,2, status,0, pclath
 Tracked objects:
		On entry : 
		On exit  : 
		Unchanged: 
 Data sizes:     COMMON   BANK0   BANK1   BANK3   BANK2
      Params:         2       0       0       0       0
      Locals:         0       0       0       0       0
      Temps:          0       0       0       0       0
      Totals:         2       0       0       0       0
Total ram usage:        2 bytes
 Hardware stack levels used:    2
 This function calls:
		Nothing
 This function is called by:
		_custom_display_on
 This function uses a non-reentrant model


 *************** function _display_on_fifth_digit *****************
 Defined at:
		line 82 in file "minute-counter.c"
 Parameters:    Size  Location     Type
  digit           2    0[COMMON] int 
  i               2    2[COMMON] int 
 Auto vars:     Size  Location     Type
  n               2    6[COMMON] int 
 Return value:  Size  Location     Type
                  1    wreg      void 
 Registers used:
		wreg, fsr0l, fsr0h, status,2, status,0, pclath
 Tracked objects:
		On entry : 
		On exit  : 
		Unchanged: 
 Data sizes:     COMMON   BANK0   BANK1   BANK3   BANK2
      Params:         4       0       0       0       0
      Locals:         2       0       0       0       0
      Temps:          2       0       0       0       0
      Totals:         8       0       0       0       0
Total ram usage:        8 bytes
 Hardware stack levels used:    2
 This function calls:
		Nothing
 This function is called by:
		_custom_display_on
 This function uses a non-reentrant model


 *************** function _display_colon_on_third_digit *****************
 Defined at:
		line 62 in file "minute-counter.c"
 Parameters:    Size  Location     Type
  i               2    0[COMMON] int 
 Auto vars:     Size  Location     Type
  n               2    4[COMMON] int 
 Return value:  Size  Location     Type
                  1    wreg      void 
 Registers used:
		wreg, fsr0l, fsr0h, status,2, pclath
 Tracked objects:
		On entry : 
		On exit  : 
		Unchanged: 
 Data sizes:     COMMON   BANK0   BANK1   BANK3   BANK2
      Params:         2       0       0       0       0
      Locals:         2       0       0       0       0
      Temps:          2       0       0       0       0
      Totals:         6       0       0       0       0
Total ram usage:        6 bytes
 Hardware stack levels used:    2
 This function calls:
		Nothing
 This function is called by:
		_custom_display_on
 This function uses a non-reentrant model



MODULE INFORMATION

Module		Function		Class		Link	Load	Size
minute-counter.c
		_set_time_minute		CODE           	0709	0000	232
		_main          		CODE           	05E7	0000	112
		_display_on_second_digit		CODE           	0573	0000	49
		_display_on_fourth_digit		CODE           	0543	0000	49
		_countdown_to_second		CODE           	0656	0000	180
		_display_colon_on_third_digit		CODE           	04E4	0000	48
		_display_on_fifth_digit		CODE           	0513	0000	49
		_custom_display_on		CODE           	05A3	0000	69
		_display_on_first_digit		CODE           	04D8	0000	13

minute-counter.c estimated size: 801

shared
		__stringtab    		STRING         	0003	0000	7
		__initialization		CODE           	07F0	0000	13
		_SEGMENT_MAP   		STRING         	0009	0000	12

shared estimated size: 32

